// Jest Snapshot v1, https://goo.gl/fbAQLP

exports[`SignupForm Component matches snapshot 1`] = `
<div>
  <div
    class="SignupForm"
  >
    <div
      class="container col-md-6 offset-md-3 col-lg-4 offset-lg-4"
    >
      <h1
        class="SignupForm-Message"
      >
        Sign Up
      </h1>
      <div
        class="card"
      >
        <div
          class="card-body"
        >
          <form
            class="SignupForm-Form"
          >
            <label
              for="username"
            >
              Username
            </label>
            <input
              aria-label="username"
              class="form-control form-control-lg"
              id="username"
              name="username"
              placeholder="username"
              required=""
              value=""
            />
            <label
              for="password"
            >
              Password
            </label>
            <input
              aria-label="password"
              class="form-control form-control-lg"
              id="password"
              minlength="5"
              name="password"
              placeholder="password"
              required=""
              type="password"
              value=""
            />
            <label
              for="firstName"
            >
              First Name
            </label>
            <input
              aria-label="firstName"
              class="form-control form-control-lg"
              id="first-name"
              name="firstName"
              placeholder="First Name"
              required=""
              value=""
            />
            <label
              for="lastName"
            >
              Last Name
            </label>
            <input
              aria-label="lastName"
              class="form-control form-control-lg"
              id="last-name"
              name="lastName"
              placeholder="Last Name"
              required=""
              value=""
            />
            <label
              for="email"
            >
              Email
            </label>
            <input
              aria-label="email"
              class="form-control form-control-lg"
              id="email"
              name="email"
              placeholder="Email"
              required=""
              value=""
            />
            <div
              class="SignupForm-button d-grid"
            >
              <button
                class="btn search-btn btn-lg btn-primary"
              >
                Submit
              </button>
            </div>
          </form>
        </div>
      </div>
    </div>
  </div>
</div>
`;
