// Jest Snapshot v1, https://goo.gl/fbAQLP

exports[`SearchForm Component matches snapshot 1`] = `
<div>
  <div
    class="SearchForm mb-4 d-flex pt-4"
  >
    <form>
      <div
        class="row justify-content-center justify-content-lg-start gx-1"
      >
        <div
          class="col-8"
        >
          <input
            aria-label="Search"
            class="form-control form-control-lg"
            id="search-term"
            name="term"
            placeholder="Search"
            value=""
          />
        </div>
        <div
          class="col-auto"
        >
          <button
            class="btn search-btn btn-lg btn-primary"
          >
            Search
          </button>
        </div>
      </div>
    </form>
  </div>
</div>
`;
